// Jest Snapshot v1, https://goo.gl/fbAQLP

exports[`module "fs" #readdirRec() recursively reads a directory 1`] = `
Array [
  "directory",
  "directory/x.txt",
  "directory/y.txt",
  "directory/z.txt",
]
`;
