// Jest Snapshot v1, https://goo.gl/fbAQLP

exports[`module "compiler" #compile() - with strict mode creates an instance with the correct config 1`] = `undefined`;

exports[`module "compiler" #compile() - without strict mode creates an instance with the correct config 1`] = `undefined`;

exports[`module "compiler" #onwarn() outputs valid warning types to stderr 1`] = `
Array [
  Array [
    "TEST",
  ],
]
`;
