// Jest Snapshot v1, https://goo.gl/fbAQLP

exports[`util entries() - with Object.entries() creates an \`Array\` of key-value pairs from an object 1`] = `
Array [
  Array [
    "a",
    1,
  ],
  Array [
    "b",
    2,
  ],
  Array [
    "c",
    3,
  ],
]
`;

exports[`util entries() - without Object.entries() creates an \`Array\` of key-value pairs from an object 1`] = `
Array [
  Array [
    "a",
    1,
  ],
  Array [
    "b",
    2,
  ],
  Array [
    "c",
    3,
  ],
]
`;
