// Jest Snapshot v1, https://goo.gl/fbAQLP

exports[`util sleep() sleeps for the correct amount of time 1`] = `
Array [
  Array [
    [Function],
    500,
  ],
]
`;
